..................................................F.F.F..F.F.....FF..... [ 48%]
..F...F.FF.F....FFFFFFFFFFF.....FFFF.F.FF.F.FFFFFFFFFFFFFFFFFFFFF.....FF [ 97%]
.FFs                                                                     [100%]
================================== FAILURES ===================================
_______________________ TestMethodRewrites.test_exists ________________________
tests\test_transpiler.py:386: in test_exists
    assert "Path" in body and "exists()" in body
E   AssertionError: assert ('Path' in 'return p.exists();')
_______________________ TestStatements.test_elif_chain ________________________
tests\test_transpiler.py:419: in test_elif_chain
    assert "else if" in rust
E   assert 'else if' in 'pub struct RustNode;\npub struct RustEmitter;\npub struct RustFunction;\npub struct RustLet;\npub struct RustStatemen...eturn "zero".to_string();\n    } else {\n        return "negative".to_string();\n    }\n    todo!("return String");\n}'
______________________ TestStatements.test_for_loop_list ______________________
tests\test_transpiler.py:441: in test_for_loop_list
    assert ".iter()" in rust
E   assert '.iter()' in 'pub struct RustNode;\npub struct RustEmitter;\npub struct RustFunction;\npub struct RustLet;\npub struct RustStatemen...n\nfn f() -> String {\n    for x in vec![1, 2, 3] {\n        \n        // pass;\n    }\n    todo!("return String");\n}'
_______________ TestStatements.test_assignment_tuple_unpacking ________________
tests\test_transpiler.py:461: in test_assignment_tuple_unpacking
    assert "let (mut a, mut b)" in rust
E   assert 'let (mut a, mut b)' in 'pub struct RustNode;\npub struct RustEmitter;\npub struct RustFunction;\npub struct RustLet;\npub struct RustStatemen...ing {\n    let mut (mut a, mut b) = todo!("Unmapped Python Expression: {}", "(1, 2)");\n    todo!("return String");\n}'
_________________________ TestStatements.test_assert __________________________
tests\test_transpiler.py:471: in test_assert
    assert "assert!" in rust
E   assert 'assert!' in 'pub struct RustNode;\npub struct RustEmitter;\npub struct RustFunction;\npub struct RustLet;\npub struct RustStatemen...> String {\n    todo!("Unmapped Statement: {}", "assert x > 0, \'must be positive\'");\n    todo!("return String");\n}'
________________ TestStatementsMisc.test_annotated_assignment _________________
tests\test_transpiler.py:527: in test_annotated_assignment
    assert "i64" in rust
E   assert 'i64' in 'pub struct RustNode;\npub struct RustEmitter;\npub struct RustFunction;\npub struct RustLet;\npub struct RustStatemen...npub struct RustFor;\npub struct RustMacro;\n\nfn f() -> String {\n    let mut x = 42;\n    todo!("return String");\n}'
_________________ TestComprehensions.test_list_comprehension __________________
tests\test_transpiler.py:545: in test_list_comprehension
    assert ".iter()" in body
E   AssertionError: assert '.iter()' in 'return items.into_iter().map(|x| (x * 2)).collect::<Vec<_>>();'
__________________ TestFullFunction.test_self_param_skipped ___________________
tests\test_transpiler.py:596: in test_self_param_skipped
    assert "fn method(x: i64) -> i64" in rust
E   AssertionError: assert 'fn method(x: i64) -> i64' in 'pub struct RustNode;\npub struct RustEmitter;\npub struct RustFunction;\npub struct RustLet;\npub struct RustStatemen... struct MockContainer;\nimpl MockContainer {\n    fn method(&self, x: i64) -> i64 {\n        return (x + 1);\n    }\n}'
_______________ TestFullFunction.test_return_type_inference_int _______________
tests\test_transpiler.py:616: in test_return_type_inference_int
    assert "-> i64" in rust
E   AssertionError: assert '-> i64' in 'pub struct RustNode;\npub struct RustEmitter;\npub struct RustFunction;\npub struct RustLet;\npub struct RustStatemen...t RustReturn;\npub struct RustIf;\npub struct RustFor;\npub struct RustMacro;\n\nfn f() -> String {\n    return 42;\n}'
______________ TestFullFunction.test_return_type_inference_bool _______________
tests\test_transpiler.py:626: in test_return_type_inference_bool
    assert "-> bool" in rust
E   AssertionError: assert '-> bool' in 'pub struct RustNode;\npub struct RustEmitter;\npub struct RustFunction;\npub struct RustLet;\npub struct RustStatemen...RustReturn;\npub struct RustIf;\npub struct RustFor;\npub struct RustMacro;\n\nfn f() -> String {\n    return true;\n}'
__________ TestFullFunctionEdgeCases.test_return_type_inference_list __________
tests\test_transpiler.py:635: in test_return_type_inference_list
    assert "Vec" in rust
E   AssertionError: assert 'Vec' in 'pub struct RustNode;\npub struct RustEmitter;\npub struct RustFunction;\npub struct RustLet;\npub struct RustStatemen...n;\npub struct RustIf;\npub struct RustFor;\npub struct RustMacro;\n\nfn f() -> String {\n    return vec![1, 2, 3];\n}'
______________ TestFullFunctionEdgeCases.test_name_hint_override ______________
tests\test_transpiler.py:645: in test_name_hint_override
    assert "fn public_name()" in rust
E   assert 'fn public_name()' in 'pub struct RustNode;\npub struct RustEmitter;\npub struct RustFunction;\npub struct RustLet;\npub struct RustStatemen... RustFor;\npub struct RustMacro;\n\nfn internal_name() -> String {\n    \n    // pass;\n    todo!("return String");\n}'
________________ TestSanitizer.test_clean_code_passes_through _________________
tests\test_transpiler.py:680: in test_clean_code_passes_through
    result = _sanitize_generated(code)
             ^^^^^^^^^^^^^^^^^^^
E   NameError: name '_sanitize_generated' is not defined
__________________ TestSanitizer.test_self_reference_caught ___________________
tests\test_transpiler.py:686: in test_self_reference_caught
    result = _sanitize_generated(code)
             ^^^^^^^^^^^^^^^^^^^
E   NameError: name '_sanitize_generated' is not defined
____________________ TestSanitizer.test_python_ast_caught _____________________
tests\test_transpiler.py:691: in test_python_ast_caught
    result = _sanitize_generated(code)
             ^^^^^^^^^^^^^^^^^^^
E   NameError: name '_sanitize_generated' is not defined
_____________________ TestSanitizer.test_python_os_caught _____________________
tests\test_transpiler.py:696: in test_python_os_caught
    result = _sanitize_generated(code)
             ^^^^^^^^^^^^^^^^^^^
E   NameError: name '_sanitize_generated' is not defined
_____________________ TestSanitizer.test_python_re_caught _____________________
tests\test_transpiler.py:701: in test_python_re_caught
    result = _sanitize_generated(code)
             ^^^^^^^^^^^^^^^^^^^
E   NameError: name '_sanitize_generated' is not defined
__________________ TestSanitizer.test_dict_subscript_caught ___________________
tests\test_transpiler.py:707: in test_dict_subscript_caught
    result = _sanitize_generated(code)
             ^^^^^^^^^^^^^^^^^^^
E   NameError: name '_sanitize_generated' is not defined
_____________ TestSanitizer.test_list_constructor_passes_through ______________
tests\test_transpiler.py:713: in test_list_constructor_passes_through
    result = _sanitize_generated(code)
             ^^^^^^^^^^^^^^^^^^^
E   NameError: name '_sanitize_generated' is not defined
__________________ TestSanitizer.test_logger_passes_through ___________________
tests\test_transpiler.py:719: in test_logger_passes_through
    result = _sanitize_generated(code)
             ^^^^^^^^^^^^^^^^^^^
E   NameError: name '_sanitize_generated' is not defined
___________________ TestSanitizer.test_signature_preserved ____________________
tests\test_transpiler.py:725: in test_signature_preserved
    result = _sanitize_generated(code)
             ^^^^^^^^^^^^^^^^^^^
E   NameError: name '_sanitize_generated' is not defined
______________ TestSanitizer.test_string_literal_false_positive _______________
tests\test_transpiler.py:732: in test_string_literal_false_positive
    result = _sanitize_generated(code)
             ^^^^^^^^^^^^^^^^^^^
E   NameError: name '_sanitize_generated' is not defined
__________________ TestSanitizer.test_comment_false_positive __________________
tests\test_transpiler.py:738: in test_comment_false_positive
    result = _sanitize_generated(code)
             ^^^^^^^^^^^^^^^^^^^
E   NameError: name '_sanitize_generated' is not defined
____________ TestCallRewrites.test_logger_non_log_method_commented ____________
tests\test_transpiler.py:780: in test_logger_non_log_method_commented
    assert "/* logger.setLevel" in rust
E   assert '/* logger.setLevel' in 'pub struct RustNode;\npub struct RustEmitter;\npub struct RustFunction;\npub struct RustLet;\npub struct RustStatemen...tFor;\npub struct RustMacro;\n\nfn setup() -> String {\n    \n    logger.setLevel(10);\n    todo!("return String");\n}'
____________________ TestCallRewrites.test_platform_system ____________________
tests\test_transpiler.py:786: in test_platform_system
    assert "std::env::consts::OS" in rust
E   AssertionError: assert 'std::env::consts::OS' in 'pub struct RustNode;\npub struct RustEmitter;\npub struct RustFunction;\npub struct RustLet;\npub struct RustStatemen...truct RustIf;\npub struct RustFor;\npub struct RustMacro;\n\nfn get_os() -> String {\n    return platform.system();\n}'
___________________ TestCallRewrites.test_platform_machine ____________________
tests\test_transpiler.py:792: in test_platform_machine
    assert "std::env::consts::ARCH" in rust
E   assert 'std::env::consts::ARCH' in 'pub struct RustNode;\npub struct RustEmitter;\npub struct RustFunction;\npub struct RustLet;\npub struct RustStatemen... RustIf;\npub struct RustFor;\npub struct RustMacro;\n\nfn get_arch() -> String {\n    return "x86_64".to_string();\n}'
_____________________ TestCallRewrites.test_shutil_which ______________________
tests\test_transpiler.py:798: in test_shutil_which
    assert "Command" in rust or "which" in rust
E   AssertionError: assert ('Command' in 'pub struct RustNode;\npub struct RustEmitter;\npub struct RustFunction;\npub struct RustLet;\npub struct RustStatemen...truct RustFor;\npub struct RustMacro;\n\nfn find_tool(name: String) -> String {\n    return Some(name.to_string());\n}' or 'which' in 'pub struct RustNode;\npub struct RustEmitter;\npub struct RustFunction;\npub struct RustLet;\npub struct RustStatemen...truct RustFor;\npub struct RustMacro;\n\nfn find_tool(name: String) -> String {\n    return Some(name.to_string());\n}')
______________________ TestCallRewrites.test_shutil_copy ______________________
tests\test_transpiler.py:809: in test_shutil_copy
    assert "std::fs::copy" in rust
E   assert 'std::fs::copy' in 'pub struct RustNode;\npub struct RustEmitter;\npub struct RustFunction;\npub struct RustLet;\npub struct RustStatemen...cro;\n\nfn cp(src: String, dst: String) -> String {\n    \n    shutil.copy2(src, dst);\n    todo!("return String");\n}'
_______________________ TestCallRewrites.test_sys_exit ________________________
tests\test_transpiler.py:820: in test_sys_exit
    assert "std::process::exit" in rust
E   assert 'std::process::exit' in 'pub struct RustNode;\npub struct RustEmitter;\npub struct RustFunction;\npub struct RustLet;\npub struct RustStatemen...truct RustFor;\npub struct RustMacro;\n\nfn bail() -> String {\n    \n    sys.exit(1);\n    todo!("return String");\n}'
_____________________ TestCallRewrites.test_string_count ______________________
tests\test_transpiler.py:828: in test_string_count
    assert "as i64" in rust
E   assert 'as i64' in 'pub struct RustNode;\npub struct RustEmitter;\npub struct RustFunction;\npub struct RustLet;\npub struct RustStatemen...ustFor;\npub struct RustMacro;\n\nfn num_commas(s: String) -> i64 {\n    return s.matches(",".to_string()).count();\n}'
_________ TestCallRewritesCompilation.test_platform_rewrite_compiles __________
tests\test_transpiler.py:842: in test_platform_rewrite_compiles
    assert_compiles(rust)
tests\test_transpiler.py:91: in assert_compiles
    pytest.fail(
E   Failed: Rust compilation failed:
E   error[E0425]: cannot find value `platform` in this scope
E     --> C:\Users\Yo930\AppData\Local\Temp\tmpj_ygk48_.rs:16:12
E      |
E   16 |     return platform.system();
E      |            ^^^^^^^^ not found in this scope
E   
E   error: aborting due to 1 previous error
E   
E   For more information about this error, try `rustc --explain E0425`.
E   
E   
E   --- Generated Source ---
E   #![allow(unused_variables, unused_mut, dead_code, unused_imports)]
E   #![allow(unreachable_code, unused_assignments)]
E   use std::collections::{HashMap, HashSet};
E   
E   pub struct RustNode;
E   pub struct RustEmitter;
E   pub struct RustFunction;
E   pub struct RustLet;
E   pub struct RustStatement;
E   pub struct RustReturn;
E   pub struct RustIf;
E   pub struct RustFor;
E   pub struct RustMacro;
E   
E   fn get_os() -> String {
E       return platform.system();
E   }
E   
E   fn main() {}
___________ TestCallRewritesCompilation.test_count_rewrite_compiles ___________
tests\test_transpiler.py:852: in test_count_rewrite_compiles
    assert_compiles(rust)
tests\test_transpiler.py:91: in assert_compiles
    pytest.fail(
E   Failed: Rust compilation failed:
E   error[E0277]: the trait bound `String: Pattern` is not satisfied
E     --> C:\Users\Yo930\AppData\Local\Temp\tmp47md2_6f.rs:16:22
E      |
E   16 |     return s.matches(",".to_string()).count();
E      |              ------- ^^^^^^^^^^^^^^^ the trait `Pattern` is not implemented for `String`
E      |              |
E      |              required by a bound introduced by this call
E      |
E      = note: required for `String` to implement `Pattern`
E   note: required by a bound in `core::str::<impl str>::matches`
E     --> /rustc/01f6ddf7588f42ae2d7eb0a2f21d44e8e96674cf\library\core\src\str\mod.rs:2013:5
E   help: consider borrowing here
E      |
E   16 |     return s.matches(&",".to_string()).count();
E      |                      +
E   
E   error[E0599]: the method `count` exists for struct `Matches<'_, String>`, but its trait bounds were not satisfied
E     --> C:\Users\Yo930\AppData\Local\Temp\tmp47md2_6f.rs:16:39
E      |
E   16 |     return s.matches(",".to_string()).count();
E      |                                       ^^^^^ method cannot be called on `Matches<'_, String>` due to unsatisfied trait bounds
E      |
E      = note: the following trait bounds were not satisfied:
E              `String: Pattern`
E              which is required by `Matches<'_, String>: Iterator`
E              `Matches<'_, String>: MetaSized`
E              which is required by `&mut Matches<'_, String>: Iterator`
E              `Matches<'_, String>: Iterator`
E              which is required by `&mut Matches<'_, String>: Iterator`
E   
E   error: aborting due to 2 previous errors
E   
E   Some errors have detailed explanations: E0277, E0599.
E   For more information about an error, try `rustc --explain E0277`.
E   
E   
E   --- Generated Source ---
E   #![allow(unused_variables, unused_mut, dead_code, unused_imports)]
E   #![allow(unreachable_code, unused_assignments)]
E   use std::collections::{HashMap, HashSet};
E   
E   pub struct RustNode;
E   pub struct RustEmitter;
E   pub struct RustFunction;
E   pub struct RustLet;
E   pub struct RustStatement;
E   pub struct RustReturn;
E   pub struct RustIf;
E   pub struct RustFor;
E   pub struct RustMacro;
E   
E   fn num_commas(s: String) -> i64 {
E       return s.matches(",".to_string()).count();
E   }
E   
E   fn main() {}
________________ TestTypeInference.test_infer[file_path-&str] _________________
tests\test_transpiler.py:880: in test_infer
    result = _infer_type_from_name(name)
             ^^^^^^^^^^^^^^^^^^^^^
E   NameError: name '_infer_type_from_name' is not defined
_________________ TestTypeInference.test_infer[dir_name-&str] _________________
tests\test_transpiler.py:880: in test_infer
    result = _infer_type_from_name(name)
             ^^^^^^^^^^^^^^^^^^^^^
E   NameError: name '_infer_type_from_name' is not defined
___________________ TestTypeInference.test_infer[text-&str] ___________________
tests\test_transpiler.py:880: in test_infer
    result = _infer_type_from_name(name)
             ^^^^^^^^^^^^^^^^^^^^^
E   NameError: name '_infer_type_from_name' is not defined
___________________ TestTypeInference.test_infer[msg-&str] ____________________
tests\test_transpiler.py:880: in test_infer
    result = _infer_type_from_name(name)
             ^^^^^^^^^^^^^^^^^^^^^
E   NameError: name '_infer_type_from_name' is not defined
__________________ TestTypeInference.test_infer[count-usize] __________________
tests\test_transpiler.py:880: in test_infer
    result = _infer_type_from_name(name)
             ^^^^^^^^^^^^^^^^^^^^^
E   NameError: name '_infer_type_from_name' is not defined
________________ TestTypeInference.test_infer[num_items-usize] ________________
tests\test_transpiler.py:880: in test_infer
    result = _infer_type_from_name(name)
             ^^^^^^^^^^^^^^^^^^^^^
E   NameError: name '_infer_type_from_name' is not defined
__________________ TestTypeInference.test_infer[index-usize] __________________
tests\test_transpiler.py:880: in test_infer
    result = _infer_type_from_name(name)
             ^^^^^^^^^^^^^^^^^^^^^
E   NameError: name '_infer_type_from_name' is not defined
____________________ TestTypeInference.test_infer[n-usize] ____________________
tests\test_transpiler.py:880: in test_infer
    result = _infer_type_from_name(name)
             ^^^^^^^^^^^^^^^^^^^^^
E   NameError: name '_infer_type_from_name' is not defined
____________________ TestTypeInference.test_infer[i-usize] ____________________
tests\test_transpiler.py:880: in test_infer
    result = _infer_type_from_name(name)
             ^^^^^^^^^^^^^^^^^^^^^
E   NameError: name '_infer_type_from_name' is not defined
_________________ TestTypeInference.test_infer[verbose-bool] __________________
tests\test_transpiler.py:880: in test_infer
    result = _infer_type_from_name(name)
             ^^^^^^^^^^^^^^^^^^^^^
E   NameError: name '_infer_type_from_name' is not defined
__________________ TestTypeInference.test_infer[force-bool] ___________________
tests\test_transpiler.py:880: in test_infer
    result = _infer_type_from_name(name)
             ^^^^^^^^^^^^^^^^^^^^^
E   NameError: name '_infer_type_from_name' is not defined
________________ TestTypeInference.test_infer[items-&[String]] ________________
tests\test_transpiler.py:880: in test_infer
    result = _infer_type_from_name(name)
             ^^^^^^^^^^^^^^^^^^^^^
E   NameError: name '_infer_type_from_name' is not defined
________________ TestTypeInference.test_infer[file_list-&str] _________________
tests\test_transpiler.py:880: in test_infer
    result = _infer_type_from_name(name)
             ^^^^^^^^^^^^^^^^^^^^^
E   NameError: name '_infer_type_from_name' is not defined
________ TestTypeInference.test_infer[config-&HashMap<String, String>] ________
tests\test_transpiler.py:880: in test_infer
    result = _infer_type_from_name(name)
             ^^^^^^^^^^^^^^^^^^^^^
E   NameError: name '_infer_type_from_name' is not defined
_______ TestTypeInference.test_infer[options-&HashMap<String, String>] ________
tests\test_transpiler.py:880: in test_infer
    result = _infer_type_from_name(name)
             ^^^^^^^^^^^^^^^^^^^^^
E   NameError: name '_infer_type_from_name' is not defined
_____________________ TestBatchJSON.test_single_function ______________________
tests\test_transpiler.py:907: in test_single_function
    result = transpile_batch_json(js)
             ^^^^^^^^^^^^^^^^^^^^
E   NameError: name 'transpile_batch_json' is not defined
____________________ TestBatchJSON.test_multiple_functions ____________________
tests\test_transpiler.py:916: in test_multiple_functions
    result = transpile_batch_json(js)
             ^^^^^^^^^^^^^^^^^^^^
E   NameError: name 'transpile_batch_json' is not defined
_______________ TestBatchJSON.test_duplicate_names_deduplicated _______________
tests\test_transpiler.py:925: in test_duplicate_names_deduplicated
    result = transpile_batch_json(js)
             ^^^^^^^^^^^^^^^^^^^^
E   NameError: name 'transpile_batch_json' is not defined
____________________ TestBatchJSON.test_imports_and_allows ____________________
tests\test_transpiler.py:933: in test_imports_and_allows
    result = transpile_batch_json(js)
             ^^^^^^^^^^^^^^^^^^^^
E   NameError: name 'transpile_batch_json' is not defined
__________________ TestBatchJSON.test_main_function_included __________________
tests\test_transpiler.py:941: in test_main_function_included
    result = transpile_batch_json(js)
             ^^^^^^^^^^^^^^^^^^^^
E   NameError: name 'transpile_batch_json' is not defined
________________ TestCompilation.test_list_operations_compile _________________
tests\test_transpiler.py:1011: in test_list_operations_compile
    assert_compiles(rust)
tests\test_transpiler.py:91: in assert_compiles
    pytest.fail(
E   Failed: Rust compilation failed:
E   error[E0425]: cannot find type `int` in this scope
E     --> C:\Users\Yo930\AppData\Local\Temp\tmpeh4y6f0g.rs:15:23
E      |
E   15 | fn make_list() -> Vec<int> {
E      |                       ^^^ not found in this scope
E      |
E   help: perhaps you intended to use this type
E      |
E   15 - fn make_list() -> Vec<int> {
E   15 + fn make_list() -> Vec<i32> {
E      |
E   help: you might be missing a type parameter
E      |
E   15 | fn make_list<int>() -> Vec<int> {
E      |             +++++
E   
E   error: aborting due to 1 previous error
E   
E   For more information about this error, try `rustc --explain E0425`.
E   
E   
E   --- Generated Source ---
E   #![allow(unused_variables, unused_mut, dead_code, unused_imports)]
E   #![allow(unreachable_code, unused_assignments)]
E   use std::collections::{HashMap, HashSet};
E   
E   pub struct RustNode;
E   pub struct RustEmitter;
E   pub struct RustFunction;
E   pub struct RustLet;
E   pub struct RustStatement;
E   pub struct RustReturn;
E   pub struct RustIf;
E   pub struct RustFor;
E   pub struct RustMacro;
E   
E   fn make_list() -> Vec<int> {
E       let mut items = vec![1, 2, 3];
E       return items;
E   }
E   
E   fn main() {}
_________________ TestCompilation.test_comprehension_compiles _________________
tests\test_transpiler.py:1019: in test_comprehension_compiles
    assert_compiles(rust)
tests\test_transpiler.py:91: in assert_compiles
    pytest.fail(
E   Failed: Rust compilation failed:
E   error[E0425]: cannot find type `int` in this scope
E     --> C:\Users\Yo930\AppData\Local\Temp\tmpdh5z1fie.rs:15:28
E      |
E   15 | fn double_items(items: Vec<int>) -> Vec<int> {
E      |                            ^^^ not found in this scope
E      |
E   help: perhaps you intended to use this type
E      |
E   15 - fn double_items(items: Vec<int>) -> Vec<int> {
E   15 + fn double_items(items: Vec<i32>) -> Vec<int> {
E      |
E   help: you might be missing a type parameter
E      |
E   15 | fn double_items<int>(items: Vec<int>) -> Vec<int> {
E      |                +++++
E   
E   error[E0425]: cannot find type `int` in this scope
E     --> C:\Users\Yo930\AppData\Local\Temp\tmpdh5z1fie.rs:15:41
E      |
E   15 | fn double_items(items: Vec<int>) -> Vec<int> {
E      |                                         ^^^ not found in this scope
E      |
E   help: perhaps you intended to use this type
E      |
E   15 - fn double_items(items: Vec<int>) -> Vec<int> {
E   15 + fn double_items(items: Vec<int>) -> Vec<i32> {
E      |
E   help: you might be missing a type parameter
E      |
E   15 | fn double_items<int>(items: Vec<int>) -> Vec<int> {
E      |                +++++
E   
E   warning: unnecessary parentheses around closure body
E     --> C:\Users\Yo930\AppData\Local\Temp\tmpdh5z1fie.rs:16:38
E      |
E   16 |     return items.into_iter().map(|x| (x * 2)).collect::<Vec<_>>();
E      |                                      ^     ^
E      |
E      = note: `#[warn(unused_parens)]` (part of `#[warn(unused)]`) on by default
E   help: remove these parentheses
E      |
E   16 -     return items.into_iter().map(|x| (x * 2)).collect::<Vec<_>>();
E   16 +     return items.into_iter().map(|x| x * 2).collect::<Vec<_>>();
E      |
E   
E   error: aborting due to 2 previous errors; 1 warning emitted
E   
E   For more information about this error, try `rustc --explain E0425`.
E   
E   
E   --- Generated Source ---
E   #![allow(unused_variables, unused_mut, dead_code, unused_imports)]
E   #![allow(unreachable_code, unused_assignments)]
E   use std::collections::{HashMap, HashSet};
E   
E   pub struct RustNode;
E   pub struct RustEmitter;
E   pub struct RustFunction;
E   pub struct RustLet;
E   pub struct RustStatement;
E   pub struct RustReturn;
E   pub struct RustIf;
E   pub struct RustFor;
E   pub struct RustMacro;
E   
E   fn double_items(items: Vec<int>) -> Vec<int> {
E       return items.into_iter().map(|x| (x * 2)).collect::<Vec<_>>();
E   }
E   
E   fn main() {}
______________ TestCompilation.test_sanitized_function_compiles _______________
tests\test_transpiler.py:1038: in test_sanitized_function_compiles
    rust = _sanitize_generated(rust)
           ^^^^^^^^^^^^^^^^^^^
E   NameError: name '_sanitize_generated' is not defined
_______________ TestCompilation.test_batch_json_output_compiles _______________
tests\test_transpiler.py:1059: in test_batch_json_output_compiles
    rust = transpile_batch_json(candidates)
           ^^^^^^^^^^^^^^^^^^^^
E   NameError: name 'transpile_batch_json' is not defined
=========================== short test summary info ===========================
FAILED tests/test_transpiler.py::TestMethodRewrites::test_exists - AssertionE...
FAILED tests/test_transpiler.py::TestStatements::test_elif_chain - assert 'el...
FAILED tests/test_transpiler.py::TestStatements::test_for_loop_list - assert ...
FAILED tests/test_transpiler.py::TestStatements::test_assignment_tuple_unpacking
FAILED tests/test_transpiler.py::TestStatements::test_assert - assert 'assert...
FAILED tests/test_transpiler.py::TestStatementsMisc::test_annotated_assignment
FAILED tests/test_transpiler.py::TestComprehensions::test_list_comprehension
FAILED tests/test_transpiler.py::TestFullFunction::test_self_param_skipped - ...
FAILED tests/test_transpiler.py::TestFullFunction::test_return_type_inference_int
FAILED tests/test_transpiler.py::TestFullFunction::test_return_type_inference_bool
FAILED tests/test_transpiler.py::TestFullFunctionEdgeCases::test_return_type_inference_list
FAILED tests/test_transpiler.py::TestFullFunctionEdgeCases::test_name_hint_override
FAILED tests/test_transpiler.py::TestSanitizer::test_clean_code_passes_through
FAILED tests/test_transpiler.py::TestSanitizer::test_self_reference_caught - ...
FAILED tests/test_transpiler.py::TestSanitizer::test_python_ast_caught - Name...
FAILED tests/test_transpiler.py::TestSanitizer::test_python_os_caught - NameE...
FAILED tests/test_transpiler.py::TestSanitizer::test_python_re_caught - NameE...
FAILED tests/test_transpiler.py::TestSanitizer::test_dict_subscript_caught - ...
FAILED tests/test_transpiler.py::TestSanitizer::test_list_constructor_passes_through
FAILED tests/test_transpiler.py::TestSanitizer::test_logger_passes_through - ...
FAILED tests/test_transpiler.py::TestSanitizer::test_signature_preserved - Na...
FAILED tests/test_transpiler.py::TestSanitizer::test_string_literal_false_positive
FAILED tests/test_transpiler.py::TestSanitizer::test_comment_false_positive
FAILED tests/test_transpiler.py::TestCallRewrites::test_logger_non_log_method_commented
FAILED tests/test_transpiler.py::TestCallRewrites::test_platform_system - Ass...
FAILED tests/test_transpiler.py::TestCallRewrites::test_platform_machine - as...
FAILED tests/test_transpiler.py::TestCallRewrites::test_shutil_which - Assert...
FAILED tests/test_transpiler.py::TestCallRewrites::test_shutil_copy - assert ...
FAILED tests/test_transpiler.py::TestCallRewrites::test_sys_exit - assert 'st...
FAILED tests/test_transpiler.py::TestCallRewrites::test_string_count - assert...
FAILED tests/test_transpiler.py::TestCallRewritesCompilation::test_platform_rewrite_compiles
FAILED tests/test_transpiler.py::TestCallRewritesCompilation::test_count_rewrite_compiles
FAILED tests/test_transpiler.py::TestTypeInference::test_infer[file_path-&str]
FAILED tests/test_transpiler.py::TestTypeInference::test_infer[dir_name-&str]
FAILED tests/test_transpiler.py::TestTypeInference::test_infer[text-&str] - N...
FAILED tests/test_transpiler.py::TestTypeInference::test_infer[msg-&str] - Na...
FAILED tests/test_transpiler.py::TestTypeInference::test_infer[count-usize]
FAILED tests/test_transpiler.py::TestTypeInference::test_infer[num_items-usize]
FAILED tests/test_transpiler.py::TestTypeInference::test_infer[index-usize]
FAILED tests/test_transpiler.py::TestTypeInference::test_infer[n-usize] - Nam...
FAILED tests/test_transpiler.py::TestTypeInference::test_infer[i-usize] - Nam...
FAILED tests/test_transpiler.py::TestTypeInference::test_infer[verbose-bool]
FAILED tests/test_transpiler.py::TestTypeInference::test_infer[force-bool] - ...
FAILED tests/test_transpiler.py::TestTypeInference::test_infer[items-&[String]]
FAILED tests/test_transpiler.py::TestTypeInference::test_infer[file_list-&str]
FAILED tests/test_transpiler.py::TestTypeInference::test_infer[config-&HashMap<String, String>]
FAILED tests/test_transpiler.py::TestTypeInference::test_infer[options-&HashMap<String, String>]
FAILED tests/test_transpiler.py::TestBatchJSON::test_single_function - NameEr...
FAILED tests/test_transpiler.py::TestBatchJSON::test_multiple_functions - Nam...
FAILED tests/test_transpiler.py::TestBatchJSON::test_duplicate_names_deduplicated
FAILED tests/test_transpiler.py::TestBatchJSON::test_imports_and_allows - Nam...
FAILED tests/test_transpiler.py::TestBatchJSON::test_main_function_included
FAILED tests/test_transpiler.py::TestCompilation::test_list_operations_compile
FAILED tests/test_transpiler.py::TestCompilation::test_comprehension_compiles
FAILED tests/test_transpiler.py::TestCompilation::test_sanitized_function_compiles
FAILED tests/test_transpiler.py::TestCompilation::test_batch_json_output_compiles
56 failed, 91 passed, 1 skipped in 4.81s
